(venv) [mani@maxim ZeroRespond]$ cd backend/
(venv) [mani@maxim backend]$ alembic revision --autogenerate -m "add_users_table"
INFO  [alembic.runtime.migration] Context impl PostgresqlImpl.
INFO  [alembic.runtime.migration] Will assume transactional DDL.
INFO  [alembic.runtime.plugins] setting up autogenerate plugin alembic.autogenerate.schemas
INFO  [alembic.runtime.plugins] setting up autogenerate plugin alembic.autogenerate.tables
INFO  [alembic.runtime.plugins] setting up autogenerate plugin alembic.autogenerate.types
INFO  [alembic.runtime.plugins] setting up autogenerate plugin alembic.autogenerate.constraints
INFO  [alembic.runtime.plugins] setting up autogenerate plugin alembic.autogenerate.defaults
INFO  [alembic.runtime.plugins] setting up autogenerate plugin alembic.autogenerate.comments
INFO  [alembic.autogenerate.compare.tables] Detected added table 'users'
INFO  [alembic.autogenerate.compare.constraints] Detected added index 'ix_users_email' on '('email',)'
INFO  [alembic.ddl.postgresql] Detected sequence named 'org_profile_id_seq' as owned by integer column 'org_profile(id)', assuming SERIAL and omitting
INFO  [alembic.ddl.postgresql] Detected sequence named 'evidence_id_seq' as owned by integer column 'evidence(id)', assuming SERIAL and omitting
INFO  [alembic.ddl.postgresql] Detected sequence named 'playbook_steps_id_seq' as owned by integer column 'playbook_steps(id)', assuming SERIAL and omitting
INFO  [alembic.ddl.postgresql] Detected sequence named 'playbooks_id_seq' as owned by integer column 'playbooks(id)', assuming SERIAL and omitting
INFO  [alembic.ddl.postgresql] Detected sequence named 'case_steps_id_seq' as owned by integer column 'case_steps(id)', assuming SERIAL and omitting
  Generating /home/mani/Projects/ZeroRespond/backend/alembic/versions/38420158054e_add_users_table.py ...  done
(venv) [mani@maxim backend]$ alembic upgrade head
INFO  [alembic.runtime.migration] Context impl PostgresqlImpl.
INFO  [alembic.runtime.migration] Will assume transactional DDL.
INFO  [alembic.runtime.migration] Running upgrade 3e3424f16eb1 -> 38420158054e, add_users_table
(venv) [mani@maxim backend]$ docker exec -it zr-postgres psql -U zr -d zerorespondnd -c "\dt"
            List of relations
 Schema |      Name       | Type  | Owner 
--------+-----------------+-------+-------
 public | alembic_version | table | zr
 public | alerts          | table | zr
 public | case_steps      | table | zr
 public | cases           | table | zr
 public | evidence        | table | zr
 public | org_profile     | table | zr
 public | playbook_steps  | table | zr
 public | playbooks       | table | zr
 public | users           | table | zr
(9 rows)

(venv) [mani@maxim backend]$ docker exec -it zr-postgres psql -U zr -d zerorespondnd -c "\d users"
                                         Table "public.users"
     Column      |           Type           | Collation | Nullable |              Default              
-----------------+--------------------------+-----------+----------+-----------------------------------
 id              | integer                  |           | not null | nextval('users_id_seq'::regclass)
 email           | character varying(255)   |           | not null | 
 hashed_password | character varying(255)   |           | not null | 
 full_name       | character varying(255)   |           |          | 
 role            | character varying(50)    |           | not null | 
 is_active       | boolean                  |           | not null | 
 created_at      | timestamp with time zone |           |          | now()
 last_login_at   | timestamp with time zone |           |          | 
Indexes:
    "users_pkey" PRIMARY KEY, btree (id)
    "ix_users_email" UNIQUE, btree (email)

(venv) [mani@maxim backend]$ cd ..
(venv) [mani@maxim ZeroRespond]$ git add .
(venv) [mani@maxim ZeroRespond]$ git commit -m "feat: users table with role-based access, alembic migration"
[main 78e8a8e] feat: users table with role-based access, alembic migration
 5 files changed, 2120 insertions(+), 2 deletions(-)
 create mode 100644 backend/alembic/versions/38420158054e_add_users_table.py
 create mode 100644 backend/app/models/user.py
 create mode 100644 weekly tasks/week 5/ZeroRespond_Week5_Tasks.md
 create mode 100644 weekly tasks/week 5/week5_log.txt
(venv) [mani@maxim ZeroRespond]$ git push origin main
Enumerating objects: 21, done.
Counting objects: 100% (21/21), done.
Delta compression using up to 16 threads
Compressing objects: 100% (13/13), done.
Writing objects: 100% (13/13), 19.51 KiB | 4.88 MiB/s, done.
Total 13 (delta 7), reused 0 (delta 0), pack-reused 0 (from 0)
remote: Resolving deltas: 100% (7/7), completed with 7 local objects.
To https://github.com/max-mani/ZeroRespond.git
   c48d82d..78e8a8e  main -> main
(venv) [mani@maxim ZeroRespond]$ 
[mani@maxim ZeroRespond]$ 
[mani@maxim ZeroRespond]$ cd backend
source venv/bin/activate
python -c "
from app.services.auth_service import hash_password, verify_password, create_access_token, decode_access_token

# Test password hashing
hashed = hash_password('SecurePass123')
print('Hashed:', hashed[:30], '...')
print('Verify correct:', verify_password('SecurePass123', hashed))
print('Verify wrong:  ', verify_password('WrongPassword', hashed))

# Test JWT
token = create_access_token(user_id=1, email='test@org.in', role='admin')
print('Token:', token[:40], '...')

payload = decode_access_token(token)
print('Decoded:', payload)
"
(trapped) error reading bcrypt version
Traceback (most recent call last):
  File "/home/mani/Projects/ZeroRespond/backend/venv/lib/python3.14/site-packages/passlib/handlers/bcrypt.py", line 620, in _load_backend_mixin
    version = _bcrypt.__about__.__version__
              ^^^^^^^^^^^^^^^^^
AttributeError: module 'bcrypt' has no attribute '__about__'
Traceback (most recent call last):
  File "<string>", line 5, in <module>
    hashed = hash_password('SecurePass123')
  File "/home/mani/Projects/ZeroRespond/backend/app/services/auth_service.py", line 24, in hash_password
    return pwd_context.hash(plain_password)
           ~~~~~~~~~~~~~~~~^^^^^^^^^^^^^^^^
  File "/home/mani/Projects/ZeroRespond/backend/venv/lib/python3.14/site-packages/passlib/context.py", line 2258, in hash
    return record.hash(secret, **kwds)
           ~~~~~~~~~~~^^^^^^^^^^^^^^^^
  File "/home/mani/Projects/ZeroRespond/backend/venv/lib/python3.14/site-packages/passlib/utils/handlers.py", line 779, in hash
    self.checksum = self._calc_checksum(secret)
                    ~~~~~~~~~~~~~~~~~~~^^^^^^^^
  File "/home/mani/Projects/ZeroRespond/backend/venv/lib/python3.14/site-packages/passlib/handlers/bcrypt.py", line 591, in _calc_checksum
    self._stub_requires_backend()
    ~~~~~~~~~~~~~~~~~~~~~~~~~~~^^
  File "/home/mani/Projects/ZeroRespond/backend/venv/lib/python3.14/site-packages/passlib/utils/handlers.py", line 2254, in _stub_requires_backend
    cls.set_backend()
    ~~~~~~~~~~~~~~~^^
  File "/home/mani/Projects/ZeroRespond/backend/venv/lib/python3.14/site-packages/passlib/utils/handlers.py", line 2156, in set_backend
    return owner.set_backend(name, dryrun=dryrun)
           ~~~~~~~~~~~~~~~~~^^^^^^^^^^^^^^^^^^^^^
  File "/home/mani/Projects/ZeroRespond/backend/venv/lib/python3.14/site-packages/passlib/utils/handlers.py", line 2163, in set_backend
    return cls.set_backend(name, dryrun=dryrun)
           ~~~~~~~~~~~~~~~^^^^^^^^^^^^^^^^^^^^^
  File "/home/mani/Projects/ZeroRespond/backend/venv/lib/python3.14/site-packages/passlib/utils/handlers.py", line 2188, in set_backend
    cls._set_backend(name, dryrun)
    ~~~~~~~~~~~~~~~~^^^^^^^^^^^^^^
  File "/home/mani/Projects/ZeroRespond/backend/venv/lib/python3.14/site-packages/passlib/utils/handlers.py", line 2311, in _set_backend
    super(SubclassBackendMixin, cls)._set_backend(name, dryrun)
    ~~~~~~~~~~~~~~~~~~~~~~~~~~~~~~~~~~~~~~~~~~~~~^^^^^^^^^^^^^^
  File "/home/mani/Projects/ZeroRespond/backend/venv/lib/python3.14/site-packages/passlib/utils/handlers.py", line 2224, in _set_backend
    ok = loader(**kwds)
  File "/home/mani/Projects/ZeroRespond/backend/venv/lib/python3.14/site-packages/passlib/handlers/bcrypt.py", line 626, in _load_backend_mixin
    return mixin_cls._finalize_backend_mixin(name, dryrun)
           ~~~~~~~~~~~~~~~~~~~~~~~~~~~~~~~~~^^^^^^^^^^^^^^
  File "/home/mani/Projects/ZeroRespond/backend/venv/lib/python3.14/site-packages/passlib/handlers/bcrypt.py", line 421, in _finalize_backend_mixin
    if detect_wrap_bug(IDENT_2A):
       ~~~~~~~~~~~~~~~^^^^^^^^^^
  File "/home/mani/Projects/ZeroRespond/backend/venv/lib/python3.14/site-packages/passlib/handlers/bcrypt.py", line 380, in detect_wrap_bug
    if verify(secret, bug_hash):
       ~~~~~~^^^^^^^^^^^^^^^^^^
  File "/home/mani/Projects/ZeroRespond/backend/venv/lib/python3.14/site-packages/passlib/utils/handlers.py", line 792, in verify
    return consteq(self._calc_checksum(secret), chk)
                   ~~~~~~~~~~~~~~~~~~~^^^^^^^^
  File "/home/mani/Projects/ZeroRespond/backend/venv/lib/python3.14/site-packages/passlib/handlers/bcrypt.py", line 655, in _calc_checksum
    hash = _bcrypt.hashpw(secret, config)
ValueError: password cannot be longer than 72 bytes, truncate manually if necessary (e.g. my_password[:72])
(venv) [mani@maxim backend]$ pip install "bcrypt==4.0.1"
Collecting bcrypt==4.0.1
  Downloading bcrypt-4.0.1-cp36-abi3-manylinux_2_28_x86_64.whl.metadata (9.0 kB)
Downloading bcrypt-4.0.1-cp36-abi3-manylinux_2_28_x86_64.whl (593 kB)
   ━━━━━━━━━━━━━━━━━━━━━━━━━━━━━━━━━━━━━━━━ 593.7/593.7 kB 7.8 MB/s  0:00:00
Installing collected packages: bcrypt
  Attempting uninstall: bcrypt
    Found existing installation: bcrypt 5.0.0
    Uninstalling bcrypt-5.0.0:
      Successfully uninstalled bcrypt-5.0.0
Successfully installed bcrypt-4.0.1
(venv) [mani@maxim backend]$ pip install "bcrypt==4.0.1"
(venv) [mani@maxim backend]$ python -c "
from app.services.auth_service import hash_password, verify_password, create_access_token, decode_access_token

# Test password hashing
hashed = hash_password('SecurePass123')
print('Hashed:', hashed[:30], '...')
print('Verify correct:', verify_password('SecurePass123', hashed))
print('Verify wrong:  ', verify_password('WrongPassword', hashed))

# Test JWT
token = create_access_token(user_id=1, email='test@org.in', role='admin')
print('Token:', token[:40], '...')

payload = decode_access_token(token)
print('Decoded:', payload)
"
Hashed: $2b$12$Rz0u.l1o2oauEkr1KSy.qOp ...
Verify correct: True
Verify wrong:   False
Token: eyJhbGciOiJIUzI1NiIsInR5cCI6IkpXVCJ9.eyJ ...
Decoded: {'sub': '1', 'email': 'test@org.in', 'role': 'admin', 'exp': 1782484948, 'iat': 1782456148}
(venv) [mani@maxim backend]$ cd ..
(venv) [mani@maxim ZeroRespond]$ 
(venv) [mani@maxim ZeroRespond]$ git add .
(venv) [mani@maxim ZeroRespond]$ git commit -m "feat: auth service — bcrypt password hashing, JWT create/verify, get_current_user dependency"
[main de575fb] feat: auth service — bcrypt password hashing, JWT create/verify, get_current_user dependency
 4 files changed, 265 insertions(+), 1 deletion(-)
 create mode 100644 backend/app/schemas/auth.py
 create mode 100644 backend/app/services/auth_service.py
(venv) [mani@maxim ZeroRespond]$ git push origin main
Enumerating objects: 21, done.
Counting objects: 100% (21/21), done.
Delta compression using up to 16 threads
Compressing objects: 100% (12/12), done.
Writing objects: 100% (12/12), 4.39 KiB | 2.20 MiB/s, done.
Total 12 (delta 7), reused 0 (delta 0), pack-reused 0 (from 0)
remote: Resolving deltas: 100% (7/7), completed with 7 local objects.
To https://github.com/max-mani/ZeroRespond.git
   78e8a8e..de575fb  main -> main
(venv) [mani@maxim ZeroRespond]$ 
[mani@maxim ZeroRespond]$ curl -X POST http://localhost:8000/auth/register \
  -H "Content-Type: application/json" \
  -d '{
    "email": "admin2@hospital.in",
    "password": "SecurePass123",
    "full_name": "ZeroRespond Admin 2",
    "role": "admin"
  }'
# Expected: 201 with user object, role: "admin"
{"id":2,"email":"admin2@hospital.in","full_name":"ZeroRespond Admin 2","role":"admin","is_active":true,"created_at":"2026-06-26T06:57:10.683361Z","last_login_at":null}[mani@maxim ZeroRespond]$ 
[mani@maxim ZeroRespond]$ curl -X POST http://localhost:8000/auth/login \
  -H "Content-Type: application/json" \
  -d '{
    "email": "admin@hospital.in",
    "password": "SecurePass123"
  }'
# Expected: {"access_token": "eyJ...", "token_type": "bearer", "expires_in": 28800}
{"access_token":"eyJhbGciOiJIUzI1NiIsInR5cCI6IkpXVCJ9.eyJzdWIiOiIxIiwiZW1haWwiOiJhZG1pbkBob3NwaXRhbC5pbiIsInJvbGUiOiJhZG1pbiIsImV4cCI6MTc4MjQ4NTgzOSwiaWF0IjoxNzgyNDU3MDM5fQ.eJQN-YYMUAyQKpz2wwRbbpUc0ts61uhyykxEl5hytaA","token_type":"bearer","expires_in":28800}[mani@maxim ZeroRespond]$ 
[mani@maxim ZeroRespond]$ TOKEN="eyJhbGciOiJIUzI1NiIsInR5cCI6IkpXVCJ9.eyJzdWIiOiIxIiwiZW1haWwiOiJhZG1pbkBob3NwaXRhbC5pbiIsInJvbGUiOiJhZG1pbiIsImV4cCI6MTc4MjQ4NTgzOSwiaWF0IjoxNzgyNDU3MDM5fQ.eJQN-YYMUAyQKpz2wwRbbpUc0ts61uhyykxEl5hytaA"   # paste your token here
[mani@maxim ZeroRespond]$ # Step 3: Unprotected route — should work without token
curl http://localhost:8000/health
# Expected: {"status": "ok", ...}
{"status":"ok","version":"1.0.0","environment":"development"}[mani@maxim ZeroRespond]$ 
[mani@maxim ZeroRespond]$ # Step 4: Protected route WITHOUT token — should fail
curl http://localhost:8000/cases
# Expected: 403 {"detail": "Not authenticated"}
{"detail":"Not authenticated"}[mani@maxim ZeroRespond]$ 
[mani@maxim ZeroRespond]$ # Step 5: Protected route WITH token — should work
curl http://localhost:8000/cases \
  -H "Authorization: Bearer $TOKEN"
# Expected: list of cases
[{"id":"IR-20260625-0001","title":"Ransomware on test-server-01","severity":"critical","status":"open","breach_type":"ransomware","source_ip":null,"source_host":"test-server-01","assigned_to":null,"ai_confidence":0.0,"detected_at":"2026-06-25T06:26:56.815709Z"},{"id":"IR-20260624-0002","title":"Unauthorized Access on server-x","severity":"high","status":"open","breach_type":"unauthorized_access","source_ip":"1.2.3.4","source_host":"server-x","assigned_to":null,"ai_confidence":0.0,"detected_at":"2026-06-24T10:46:16.822454Z"},{"id":"IR-20260624-0001","title":"Ransomware on fileserver02","severity":"critical","status":"open","breach_type":"ransomware","source_ip":null,"source_host":"fileserver02","assigned_to":null,"ai_confidence":0.0,"detected_at":"2026-06-24T10:42:50.872968Z"},{"id":"IR-20260623-0005","title":"Insider Access Anomaly — HR Workstation","severity":"high","status":"open","breach_type":"insider","source_ip":"10.0.0.12","source_host":"hr-workstation-02","assigned_to":null,"ai_confidence":85.0,"detected_at":"2026-06-24T10:19:21.691265Z"},{"id":"IR-20260623-0004","title":"Suspected Data Exfiltration from DB Server","severity":"high","status":"open","breach_type":"exfiltration","source_ip":"10.0.0.45","source_host":"db-server-01","assigned_to":null,"ai_confidence":85.0,"detected_at":"2026-06-24T09:54:21.691265Z"},{"id":"IR-20260623-0002","title":"Phishing Attack on Finance Team","severity":"high","status":"open","breach_type":"phishing","source_ip":"198.51.100.7","source_host":"workstation-finance-03","assigned_to":null,"ai_confidence":85.0,"detected_at":"2026-06-24T09:39:21.691265Z"},{"id":"IR-20260623-0001","title":"SSH Brute Force on webserver01","severity":"high","status":"open","breach_type":"unauthorized_access","source_ip":"203.0.113.42","source_host":"webserver01","assigned_to":null,"ai_confidence":95.0,"detected_at":"2026-06-24T07:39:21.691265Z"},{"id":"IR-20260623-0003","title":"Ransomware Detected on fileserver01","severity":"critical","status":"open","breach_type":"ransomware","source_ip":null,"source_host":"fileserver01","assigned_to":null,"ai_confidence":95.0,"detected_at":"2026-06-24T04:39:21.691265Z"}][mani@maxim ZeroRespond]$ 
[mani@maxim ZeroRespond]$ # Step 6: GET /auth/me
curl http://localhost:8000/auth/me \
  -H "Authorization: Bearer $TOKEN"
# Expected: {"id": 1, "email": "admin@hospital.in", "role": "admin", ...}
{"id":1,"email":"admin@hospital.in","full_name":"ZeroRespond Admin","role":"admin","is_active":true,"created_at":"2026-06-26T06:54:41.453231Z","last_login_at":"2026-06-26T06:57:19.435202Z"}[mani@maxim ZeroRespond]$ 
[mani@maxim ZeroRespond]$ curl http://localhost:8000/auth/me \
  -H "Authorization: Bearer $TOKEN"
{"id":1,"email":"admin@hospital.in","full_name":"ZeroRespond Admin","role":"admin","is_active":true,"created_at":"2026-06-26T06:54:41.453231Z","last_login_at":"2026-06-26T06:57:19.435202Z"}[mani@maxim ZeroRespond]$ 
[mani@maxim ZeroRespond]$ # Step 7: Wrong password should return 401
curl -X POST http://localhost:8000/auth/login \
  -H "Content-Type: application/json" \
  -d '{"email": "admin@hospital.in", "password": "WrongPassword"}'
# Expected: 401 {"detail": "Incorrect email or password"}

{"detail":"Incorrect email or password"}[mani@maxim ZeroRespond]$ 
[mani@maxim ZeroRespond]$ git add .
[mani@maxim ZeroRespond]$ git commit -m "feat: auth router, JWT protection on all case and alert endpoints"
[main 0f7b35c] feat: auth router, JWT protection on all case and alert endpoints
 4 files changed, 134 insertions(+), 7 deletions(-)
 create mode 100644 backend/app/routers/auth.py
[mani@maxim ZeroRespond]$ git push origin main
Enumerating objects: 16, done.
Counting objects: 100% (16/16), done.
Delta compression using up to 16 threads
Compressing objects: 100% (9/9), done.
Writing objects: 100% (9/9), 2.27 KiB | 2.27 MiB/s, done.
Total 9 (delta 6), reused 0 (delta 0), pack-reused 0 (from 0)
remote: Resolving deltas: 100% (6/6), completed with 6 local objects.
To https://github.com/max-mani/ZeroRespond.git
   de575fb..0f7b35c  main -> main
[mani@maxim ZeroRespond]$ 
[mani@maxim ZeroRespond]$ curl -X POST http://localhost:8000/reports/IR-20260623-0003 \
  -H "Authorization: Bearer $TOKEN" \
  --output DPDP_Report_ransomware.pdf
  % Total    % Received % Xferd  Average Speed  Time    Time    Time   Current
                                 Dload  Upload  Total   Spent   Left   Speed
100  28484 100  28484   0      0  27688      0   00:01   00:01          27717
[mani@maxim ZeroRespond]$ ls -lh DPDP_Report_ransomware.pdf
-rw-r--r-- 1 mani mani 28K Jun 26 12:43 DPDP_Report_ransomware.pdf
[mani@maxim ZeroRespond]$ git add .
[mani@maxim ZeroRespond]$ git add .
[mani@maxim ZeroRespond]$ git commit -m "feat: DPDP Act 2023 PDF report generation with WeasyPrint and Jinja2 template"
[main d260cc4] feat: DPDP Act 2023 PDF report generation with WeasyPrint and Jinja2 template
 6 files changed, 831 insertions(+), 1 deletion(-)
 create mode 100644 DPDP_Report_ransomware.pdf
 create mode 100644 backend/app/routers/reports.py
 create mode 100644 backend/app/services/report_service.py
 create mode 100644 backend/templates/dpdp_report.html
[mani@maxim ZeroRespond]$ git push origin main
Enumerating objects: 24, done.
Counting objects: 100% (24/24), done.
Delta compression using up to 16 threads
Compressing objects: 100% (14/14), done.
Writing objects: 100% (15/15), 37.34 KiB | 12.45 MiB/s, done.
Total 15 (delta 8), reused 0 (delta 0), pack-reused 0 (from 0)
remote: Resolving deltas: 100% (8/8), completed with 8 local objects.
To https://github.com/max-mani/ZeroRespond.git
   0f7b35c..d260cc4  main -> main
[mani@maxim ZeroRespond]$ 
[mani@maxim ZeroRespond]$ git add .
[mani@maxim ZeroRespond]$ git commit -m "feat: login page, AuthContext with JWT, ProtectedRoute, logout in TopBar"
[main 077fb45] feat: login page, AuthContext with JWT, ProtectedRoute, logout in TopBar
 6 files changed, 300 insertions(+), 37 deletions(-)
 create mode 100644 frontend/src/components/layout/ProtectedRoute.tsx
 create mode 100644 frontend/src/context/AuthContext.tsx
 create mode 100644 frontend/src/pages/Login.tsx
[mani@maxim ZeroRespond]$ git push origin main
Enumerating objects: 25, done.
Counting objects: 100% (25/25), done.
Delta compression using up to 16 threads
Compressing objects: 100% (13/13), done.
Writing objects: 100% (15/15), 4.85 KiB | 4.85 MiB/s, done.
Total 15 (delta 7), reused 0 (delta 0), pack-reused 0 (from 0)
remote: Resolving deltas: 100% (7/7), completed with 7 local objects.
To https://github.com/max-mani/ZeroRespond.git
   d260cc4..077fb45  main -> main
[mani@maxim ZeroRespond]$ 
[mani@maxim ZeroRespond]$ git add .
[mani@maxim ZeroRespond]$ git commit -m "feat: DPDP report download button in case detail page"
[main 1406537] feat: DPDP report download button in case detail page
 2 files changed, 79 insertions(+)
[mani@maxim ZeroRespond]$ git push origin main
Enumerating objects: 19, done.
Counting objects: 100% (19/19), done.
Delta compression using up to 16 threads
Compressing objects: 100% (10/10), done.
Writing objects: 100% (10/10), 2.02 KiB | 2.02 MiB/s, done.
Total 10 (delta 7), reused 0 (delta 0), pack-reused 0 (from 0)
remote: Resolving deltas: 100% (7/7), completed with 7 local objects.
To https://github.com/max-mani/ZeroRespond.git
   077fb45..1406537  main -> main
[mani@maxim ZeroRespond]$ 
[mani@maxim ZeroRespond]$ 
[mani@maxim ZeroRespond]$ cd backend && source venv/bin/activate
python -c "
from app.database import SessionLocal
from app.models.org_profile import OrgProfile
db = SessionLocal()
org = db.query(OrgProfile).first()
if org:
    org.name = 'Coimbatore Medical College Hospital'
    org.dpo_name = 'Dr. Manikandan'
    org.dpo_email = 'dpo@cmch.edu.in'
    org.address = 'Coimbatore, Tamil Nadu 641 014'
    org.cert_in_email = 'incident@cert-in.org.in'
    db.commit()
    print('Updated org profile')
else:
    from app.models.org_profile import OrgProfile
    org = OrgProfile(
        name='Coimbatore Medical College Hospital',
        dpo_name='Dr. Manikandan',
        dpo_email='dpo@cmch.edu.in',
        address='Coimbatore, Tamil Nadu 641 014',
        cert_in_email='incident@cert-in.org.in'
    )
    db.add(org)
    db.commit()
    print('Created org profile')
db.close()
"
2026-06-26 13:10:20,453 INFO sqlalchemy.engine.Engine select pg_catalog.version()
2026-06-26 13:10:20,453 INFO sqlalchemy.engine.Engine [raw sql] {}
2026-06-26 13:10:20,456 INFO sqlalchemy.engine.Engine select current_schema()
2026-06-26 13:10:20,456 INFO sqlalchemy.engine.Engine [raw sql] {}
2026-06-26 13:10:20,458 INFO sqlalchemy.engine.Engine show standard_conforming_strings
2026-06-26 13:10:20,458 INFO sqlalchemy.engine.Engine [raw sql] {}
2026-06-26 13:10:20,459 INFO sqlalchemy.engine.Engine BEGIN (implicit)
2026-06-26 13:10:20,465 INFO sqlalchemy.engine.Engine SELECT org_profile.id AS org_profile_id, org_profile.name AS org_profile_name, org_profile.dpo_name AS org_profile_dpo_name, org_profile.dpo_email AS org_profile_dpo_email, org_profile.address AS org_profile_address, org_profile.cert_in_email AS org_profile_cert_in_email, org_profile.cert_in_notified_at AS org_profile_cert_in_notified_at, org_profile.created_at AS org_profile_created_at, org_profile.updated_at AS org_profile_updated_at 
FROM org_profile 
 LIMIT %(param_1)s
2026-06-26 13:10:20,465 INFO sqlalchemy.engine.Engine [generated in 0.00029s] {'param_1': 1}
2026-06-26 13:10:20,472 INFO sqlalchemy.engine.Engine UPDATE org_profile SET name=%(name)s, dpo_name=%(dpo_name)s, dpo_email=%(dpo_email)s, address=%(address)s, updated_at=now() WHERE org_profile.id = %(org_profile_id)s
2026-06-26 13:10:20,472 INFO sqlalchemy.engine.Engine [generated in 0.00041s] {'name': 'Coimbatore Medical College Hospital', 'dpo_name': 'Dr. Manikandan', 'dpo_email': 'dpo@cmch.edu.in', 'address': 'Coimbatore, Tamil Nadu 641 014', 'org_profile_id': 1}
2026-06-26 13:10:20,474 INFO sqlalchemy.engine.Engine COMMIT
Updated org profile
(venv) [mani@maxim backend]$ BASE="http://localhost:8000"
(venv) [mani@maxim backend]$ # Check 1: Register and login works
curl -s -X POST $BASE/auth/register \
  -H "Content-Type: application/json" \
  -d '{"email":"check@hospital.in","password":"CheckPass123","full_name":"Checker","role":"analyst"}' \
  | python3 -c "import sys,json; d=json.load(sys.stdin); assert d['email']=='check@hospital.in'; print('✓ Register works')"

TOKEN=$(curl -s -X POST $BASE/auth/login \
  -H "Content-Type: application/json" \
  -d '{"email":"admin@hospital.in","password":"SecurePass123"}' \
  | python3 -c "import sys,json; print(json.load(sys.stdin)['access_token'])")
echo "✓ Login returns token"
✓ Register works
✓ Login returns token
(venv) [mani@maxim backend]$ # Check 2: Protected routes reject unauthenticated requests
RESP=$(curl -s -o /dev/null -w "%{http_code}" $BASE/cases)
[ "$RESP" = "403" ] && echo "✓ /cases returns 403 without token" || echo "✗ Expected 403, got $RESP"
✗ Expected 403, got 401
(venv) [mani@maxim backend]$ RESP=$(curl -s -o /dev/null -w "%{http_code}" $BASE/cases)
[ "$RESP" = "403" ] && echo "✓ /cases returns 403 without token" || echo "✗ Expected 403, got $RESP"
✗ Expected 403, got 401
(venv) [mani@maxim backend]$ # Check 3: Protected routes work with token
curl -s $BASE/cases -H "Authorization: Bearer $TOKEN" \
  | python3 -c "import sys,json; d=json.load(sys.stdin); assert isinstance(d, list); print('✓ /cases works with token')"
✓ /cases works with token
(venv) [mani@maxim backend]$ # Check 4: GET /auth/me returns user info
curl -s $BASE/auth/me -H "Authorization: Bearer $TOKEN" \
  | python3 -c "import sys,json; d=json.load(sys.stdin); assert 'email' in d; print(f'✓ /auth/me returns user: {d[\"email\"]}')"
✓ /auth/me returns user: admin@hospital.in
(venv) [mani@maxim backend]$ # Check 5: DPDP PDF generates successfully
curl -s -X POST $BASE/reports/IR-20260623-0003 \
  -H "Authorization: Bearer $TOKEN" \
  --output /tmp/test_report.pdf
SIZE=$(wc -c < /tmp/test_report.pdf)
[ "$SIZE" -gt "10000" ] && echo "✓ PDF generated (${SIZE} bytes)" || echo "✗ PDF too small or empty: ${SIZE} bytes"
✓ PDF generated (28626 bytes)
(venv) [mani@maxim backend]$ # Check 6: Analyst cannot delete cases (403)
ANALYST_TOKEN=$(curl -s -X POST $BASE/auth/login \
  -H "Content-Type: application/json" \
  -d '{"email":"check@hospital.in","password":"CheckPass123"}' \
  | python3 -c "import sys,json; print(json.load(sys.stdin)['access_token'])")

RESP=$(curl -s -o /dev/null -w "%{http_code}" -X DELETE \
  $BASE/cases/IR-20260623-0005 \
  -H "Authorization: Bearer $ANALYST_TOKEN")
[ "$RESP" = "403" ] && echo "✓ Analyst cannot delete cases (403 as expected)" || echo "✗ Expected 403, got $RESP"
✓ Analyst cannot delete cases (403 as expected)
(venv) [mani@maxim backend]$ cd ..
(venv) [mani@maxim ZeroRespond]$ 

